<?xml version="1.0" encoding="UTF-8"?>
<testsuites name="jest tests" tests="1" failures="0" errors="0" time="9.978">
  <testsuite name="AppController" errors="0" failures="0" skipped="0" timestamp="2024-08-24T08:13:16" time="9.25" tests="1">
    <testcase classname="AppController root should return &quot;Hello World!&quot;" name="AppController root should return &quot;Hello World!&quot;" time="0.013">
    </testcase>
  </testsuite>
</testsuites>